 gcc -g p3original.c -lm
 gdb a.out
GNU gdb (Ubuntu 8.1.1-0ubuntu1) 8.1.1
Copyright (C) 2018 Free Software Foundation, Inc.
 
 gcc -g p3original.c -lm
 gdb a.out
GNU gdb (Ubuntu 8.1.1-0ubuntu1) 8.1.1
Copyright (C) 2018 Free Software Foundation, Inc.
License GPLv3+: GNU GPL version 3 or later <http://gnu.org/licenses/gpl.html>
This is free software: you are free to change and redistribute it.
 
 gcc -g p3original.c -lm
 gdb a.out
GNU gdb (Ubuntu 8.1.1-0ubuntu1) 8.1.1
Copyright (C) 2018 Free Software Foundation, Inc.
License GPLv3+: GNU GPL version 3 or later <http://gnu.org/licenses/gpl.html>
This is free software: you are free to change and redistribute it.
There is NO WARRANTY, to the extent permitted by law.  Type "show copying"
and "show warranty" for details.
This GDB was configured as "x86_64-linux-gnu".
Type "show configuration" for configuration details.
For bug reporting instructions, please see:
<http://www.gnu.org/software/gdb/bugs/>.
Find the GDB manual and other documentation resources online at:
<http://www.gnu.org/software/gdb/documentation/>.
For help, type "help".
Type "apropos word" to search for commands related to "word"...
Reading symbols from a.out...done.
(gdb) br main
Breakpoint 1 at 0x8e9: file p3original.c, line 35.
(gdb) r
Starting program: /home/runner/Test2Session1/a.out 
warning: Error disabling address space randomization: Operation not permitted

Breakpoint 1, main () at p3original.c:35
35    int n = input();
(gdb) s
input () at p3original.c:4
4   {
(gdb) n
6     printf("Enter the number\n");
(gdb) n
Enter the number
7     scanf("%d",&n);
(gdb) n
5
8     return n;
(gdb) n
9   }
(gdb) n
main () at p3original.c:36
36    int isp = isprime(n);
(gdb) n
37    output(n,isp);
(gdb) n
5 is a prime number
38    return 0;
(gdb) n
39  }(gdb) n
__libc_start_main (main=0x55aabee008e1 <main>, argc=1, argv=0x7ffdf8cc61e8, 
    init=<optimized out>, fini=<optimized out>, rtld_fini=<optimized out>, 
    stack_end=0x7ffdf8cc61d8) at ../csu/libc-start.c:344
344 ../csu/libc-start.c: No such file or directory.
(gdb) 