gcc -g p4original.c
îº§ gdb a.out
GNU gdb (Ubuntu 8.1.1-0ubuntu1) 8.1.1
Copyright (C) 2018 Free Software Foundation, Inc.
License GPLv3+: GNU GPL version 3 or later <http://gnu.org/licenses/gpl.html>
This is free software: you are free to change and redistribute it.
There is NO WARRANTY, to the extent permitted by law.  Type "show copying"
and "show warranty" for details.
This GDB was configured as "x86_64-linux-gnu".
Type "show configuration" for configuration details.
For bug reporting instructions, please see:
<http://www.gnu.org/software/gdb/bugs/>.
Find the GDB manual and other documentation resources online at:
<http://www.gnu.org/software/gdb/documentation/>.
For help, type "help".
Type "apropos word" to search for commands related to "word"...
Reading symbols from a.out...done.
(gdb) b main
Breakpoint 1 at 0x8f3: file p4original.c, line 47.
(gdb) r
Starting program: /home/runner/Test2Session1/a.out 
warning: Error disabling address space randomization: Operation not permitted

Breakpoint 1, main () at p4original.c:47
47  {
(gdb) n
48    int n, i, a[i],Sum;
(gdb) n
49    n=input_array_size();
(gdb) n
enter the numbers want to sum of
2
50    input_array(n,a);
(gdb) n
enter the  number
4
enter the  number
5
51    Sum = sum_composite(n,a);
(gdb) n
52    out_put(Sum);
(gdb) n
sum of composite numbers are 4
53    return 0;
(gdb) n
54  }(gdb) n
__libc_start_main (main=0x5567b82008ea <main>, argc=1, argv=0x7ffef7534148, 
    init=<optimized out>, fini=<optimized out>, rtld_fini=<optimized out>, 
    stack_end=0x7ffef7534138) at ../csu/libc-start.c:344
344 ../csu/libc-start.c: No such file or directory.
(gdb) 